
> velcy-fashion@0.0.0 build
> vite build

[36mvite v5.4.21 [32mbuilding for production...[36m[39m
transforming...
[32mΓ£ô[39m 1726 modules transformed.
node.exe : [31mx[39m 
Build failed in 3.58s
At C:\Program 
Files\nodejs\npm.ps1:29 
char:3
+   & $NODE_EXE $NPM_CLI_JS 
$args
+   ~~~~~~~~~~~~~~~~~~~~~~~~
~~~~~
    + CategoryInfo          
    : NotSpe    cified: 
([31mx    [39m Build 
faile    d in 3.58s:Strin   
 g) [], RemoteExc    eption
    + FullyQualified    
ErrorId : Native    
CommandError
 
[31merror during build:
[31mCould not resolve 
"../context/CartContext" 
from "src/components/product
/ProductCard.jsx"[31m
file: [36mC:/Users/Vivek/.g
emini/antigravity/scratch/Ve
lcyFashion/src/components/pr
oduct/ProductCard.jsx[31m
    at getRollupError (file:
///C:/Users/Vivek/.gemini/an
tigravity/scratch/VelcyFashi
on/node_modules/rollup/dist/
es/shared/parseAst.js:401:41
)
    at error (file:///C:/Use
rs/Vivek/.gemini/antigravity
/scratch/VelcyFashion/node_m
odules/rollup/dist/es/shared
/parseAst.js:397:42)
    at ModuleLoader.handleIn
validResolvedId (file:///C:/
Users/Vivek/.gemini/antigrav
ity/scratch/VelcyFashion/nod
e_modules/rollup/dist/es/sha
red/node-entry.js:21590:24)
    at file:///C:/Users/Vive
k/.gemini/antigravity/scratc
h/VelcyFashion/node_modules/
rollup/dist/es/shared/node-e
ntry.js:21550:26[39m
